// Jest Snapshot v1, https://goo.gl/fbAQLP

exports[`Is the conversions correct? list2Tree() 1`] = `
Array [
  Object {
    "children": Array [],
    "id": "113",
    "name": "about",
  },
  Object {
    "children": Array [
      Object {
        "children": Array [
          Object {
            "children": Array [
              Object {
                "id": "112",
                "name": "onboard",
                "parent_id": "110",
              },
              Object {
                "id": "111",
                "name": "native",
                "parent_id": "110",
              },
            ],
            "id": "110",
            "name": "talk",
            "parent_id": "107",
          },
          Object {
            "id": "109",
            "name": "meetings",
            "parent_id": "107",
          },
          Object {
            "id": "108",
            "name": "conference",
            "parent_id": "107",
          },
        ],
        "id": "107",
        "name": "events",
        "parent_id": "105",
      },
      Object {
        "id": "106",
        "name": "calendar",
        "parent_id": "105",
      },
    ],
    "id": "105",
    "name": "work",
    "parent_id": null,
  },
  Object {
    "children": Array [
      Object {
        "id": "104",
        "name": "register",
        "parent_id": "101",
      },
      Object {
        "id": "103",
        "name": "logout",
        "parent_id": "101",
      },
      Object {
        "id": "102",
        "name": "shutdown",
        "parent_id": "101",
      },
    ],
    "id": "101",
    "name": "system",
    "parent_id": "",
  },
]
`;
