// Jest Snapshot v1, https://goo.gl/fbAQLP

exports[`exception would be ok caught() 1`] = `[Error: I DID hide the real error!]`;
